I'm sorry, but errors were detected in your script. Please correct the
errors listed below, and try again.


File "game/screens.rpy", line 128: u'else' is not a keyword argument or valid child for the screen statement.
    else:
        ^

Ren'Py Version: Ren'Py 6.18.3.761
